
> india-corporate-intelligence@0.1.0 build
> tsc -b && vite build --outDir dist-atlas-finance-final

vite v6.4.3 building for production...
transforming...
✓ 1868 modules transformed.
rendering chunks...
computing gzip size...
dist-atlas-finance-final/index.html                                       0.87 kB │ gzip:     0.50 kB
dist-atlas-finance-final/assets/maplibre-gl-worker-D4J6YbLY.js          508.96 kB
dist-atlas-finance-final/assets/india-current36-wgs84-FBQo--NI.json   2,692.64 kB │ gzip:   987.78 kB
dist-atlas-finance-final/assets/InvestigationDossier-D30G44VL.css         5.35 kB │ gzip:     1.52 kB
dist-atlas-finance-final/assets/Education-BvggPvk2.css                   17.16 kB │ gzip:     3.42 kB
dist-atlas-finance-final/assets/Water-Boee4Ngs.css                       18.36 kB │ gzip:     3.37 kB
dist-atlas-finance-final/assets/PublicWorks-DPfhexzO.css                 23.07 kB │ gzip:     4.58 kB
dist-atlas-finance-final/assets/FollowTheMoney-BEOFI9S6.css              39.37 kB │ gzip:     8.17 kB
dist-atlas-finance-final/assets/PlacesAtlas-y3u3g9OZ.css                 89.88 kB │ gzip:    12.06 kB
dist-atlas-finance-final/assets/index-Dcbbvr1y.css                      204.17 kB │ gzip:    37.25 kB
dist-atlas-finance-final/assets/index-Es6Yd9-u.js                         0.11 kB │ gzip:     0.12 kB │ map:      0.10 kB
dist-atlas-finance-final/assets/dossierNavigation-brhCD92B.js             0.19 kB │ gzip:     0.18 kB │ map:      0.79 kB
dist-atlas-finance-final/assets/arrow-down-C7kr7QT8.js                    0.38 kB │ gzip:     0.30 kB │ map:      0.87 kB
dist-atlas-finance-final/assets/arrow-down-right-0GunpeTQ.js              0.39 kB │ gzip:     0.31 kB │ map:      0.91 kB
dist-atlas-finance-final/assets/link-CjYvLYQ7.js                          0.47 kB │ gzip:     0.33 kB │ map:      0.93 kB
dist-atlas-finance-final/assets/hooks-OZ574y75.js                         1.66 kB │ gzip:     0.89 kB │ map:      7.06 kB
dist-atlas-finance-final/assets/Security-CY4_yz4A.js                      2.03 kB │ gzip:     1.07 kB │ map:      3.93 kB
dist-atlas-finance-final/assets/nullModel-D-uIJwGq.js                     2.83 kB │ gzip:     1.38 kB │ map:     17.15 kB
dist-atlas-finance-final/assets/StackTable-DsWzxyFD.js                    2.85 kB │ gzip:     1.38 kB │ map:      9.97 kB
dist-atlas-finance-final/assets/Search-COmLOQOF.js                        4.09 kB │ gzip:     1.84 kB │ map:     10.81 kB
dist-atlas-finance-final/assets/cppp-DgTasJHr.js                          5.20 kB │ gzip:     2.15 kB │ map:     32.68 kB
dist-atlas-finance-final/assets/baseRates-Bzvrr0_i.js                     5.27 kB │ gzip:     2.53 kB │ map:     10.28 kB
dist-atlas-finance-final/assets/Watchlist-CfaP7RIn.js                     5.84 kB │ gzip:     2.70 kB │ map:     10.59 kB
dist-atlas-finance-final/assets/WelfareMap-CJGcA5Xk.js                    6.67 kB │ gzip:     2.90 kB │ map:     23.47 kB
dist-atlas-finance-final/assets/NetworkView-DQ3cB_k1.js                   7.39 kB │ gzip:     3.07 kB │ map:     16.69 kB
dist-atlas-finance-final/assets/IndustryView-Bp2a7pEc.js                  7.62 kB │ gzip:     3.14 kB │ map:     19.61 kB
dist-atlas-finance-final/assets/Cabinet-D6ozudq0.js                       7.82 kB │ gzip:     3.17 kB │ map:     18.76 kB
dist-atlas-finance-final/assets/IndiaMap-DncJACoJ.js                      8.30 kB │ gzip:     3.48 kB │ map:     27.15 kB
dist-atlas-finance-final/assets/Method-p7eaHVNJ.js                        8.33 kB │ gzip:     3.51 kB │ map:     16.27 kB
dist-atlas-finance-final/assets/Editorial-BAluvM44.js                     8.41 kB │ gzip:     3.06 kB │ map:     27.12 kB
dist-atlas-finance-final/assets/StateProfile-BkxLffvf.js                  9.02 kB │ gzip:     3.60 kB │ map:     20.58 kB
dist-atlas-finance-final/assets/InvestigationDossier-ZNo0wWva.js          9.48 kB │ gzip:     3.75 kB │ map:     17.18 kB
dist-atlas-finance-final/assets/CompanyProfile-B9dA5rrP.js               10.21 kB │ gzip:     3.86 kB │ map:     24.43 kB
dist-atlas-finance-final/assets/Domain-D3WSh9bW.js                       10.71 kB │ gzip:     3.36 kB │ map:     33.41 kB
dist-atlas-finance-final/assets/Charts-DMM48ma-.js                       10.75 kB │ gzip:     3.66 kB │ map:     40.95 kB
dist-atlas-finance-final/assets/Dashboard-B8FI24Ya.js                    10.78 kB │ gzip:     4.22 kB │ map:     21.67 kB
dist-atlas-finance-final/assets/Allocation-Bn4phwUd.js                   11.42 kB │ gzip:     4.56 kB │ map:     27.64 kB
dist-atlas-finance-final/assets/BaseRates-2DKYnjBv.js                    11.44 kB │ gzip:     4.86 kB │ map:     19.99 kB
dist-atlas-finance-final/assets/Atlas-DvJatOEA.js                        12.44 kB │ gzip:     4.81 kB │ map:     24.89 kB
dist-atlas-finance-final/assets/Interlocks-Dx-zb9bD.js                   12.51 kB │ gzip:     5.00 kB │ map:     27.27 kB
dist-atlas-finance-final/assets/Competition-lCueey_J.js                  14.88 kB │ gzip:     5.60 kB │ map:     28.25 kB
dist-atlas-finance-final/assets/Conglomerates-KQ4uYm6j.js                15.12 kB │ gzip:     5.30 kB │ map:     32.21 kB
dist-atlas-finance-final/assets/PmCares-DEdeLL_g.js                      15.13 kB │ gzip:     4.83 kB │ map:     32.45 kB
dist-atlas-finance-final/assets/Desk-CpVpLCtU.js                         15.21 kB │ gzip:     6.25 kB │ map:     25.89 kB
dist-atlas-finance-final/assets/layout.worker-DfmNx9QO.js                16.53 kB │ gzip:     6.50 kB │ map:      0.11 kB
dist-atlas-finance-final/assets/EvidenceAudit-qQDpcL1j.js                17.95 kB │ gzip:     7.17 kB │ map:     26.93 kB
dist-atlas-finance-final/assets/MapExplorer-D7qYlpcC.js                  18.05 kB │ gzip:     6.11 kB │ map:     45.28 kB
dist-atlas-finance-final/assets/GroupDeepDive-C5YzdQOJ.js                18.10 kB │ gzip:     6.22 kB │ map:     46.04 kB
dist-atlas-finance-final/assets/SpatialAtlas-CsFfVAfo.js                 18.94 kB │ gzip:     7.23 kB │ map:     51.33 kB
dist-atlas-finance-final/assets/PoliticalView-BBd15ZHj.js                19.88 kB │ gzip:     7.45 kB │ map:     60.58 kB
dist-atlas-finance-final/assets/OrbitControls-BGsb7oaK.js                20.06 kB │ gzip:     4.55 kB │ map:     64.91 kB
dist-atlas-finance-final/assets/Motifs-o7tkMn9Z.js                       20.64 kB │ gzip:     7.53 kB │ map:     47.30 kB
dist-atlas-finance-final/assets/PlacesAtlas-B1Macl7W.js                  21.53 kB │ gzip:     8.26 kB │ map:     43.57 kB
dist-atlas-finance-final/assets/indices-OEOMSCR4.js                      22.75 kB │ gzip:     3.84 kB │ map:      5.41 kB
dist-atlas-finance-final/assets/Prospector-265kk3HA.js                   23.53 kB │ gzip:     8.93 kB │ map:     68.62 kB
dist-atlas-finance-final/assets/Capture-Y715gcOf.js                      24.89 kB │ gzip:     9.27 kB │ map:     42.88 kB
dist-atlas-finance-final/assets/Tenders-_odML1vw.js                      24.94 kB │ gzip:     8.62 kB │ map:     57.73 kB
dist-atlas-finance-final/assets/provenance-DDsjUNy7.js                   25.05 kB │ gzip:     6.81 kB │ map:      0.10 kB
dist-atlas-finance-final/assets/SVGLoader-DDW7hO49.js                    25.22 kB │ gzip:     9.04 kB │ map:    137.64 kB
dist-atlas-finance-final/assets/Patterns-D6lt_TMY.js                     25.42 kB │ gzip:     9.93 kB │ map:     38.36 kB
dist-atlas-finance-final/assets/WorldMap-FNhm_IT1.js                     25.44 kB │ gzip:     9.22 kB │ map:     79.44 kB
dist-atlas-finance-final/assets/timing-CbNfwBjT.js                       30.61 kB │ gzip:     8.36 kB │ map:      0.10 kB
dist-atlas-finance-final/assets/GeoGraph-B3rcr-uf.js                     31.16 kB │ gzip:     9.55 kB │ map:     76.42 kB
dist-atlas-finance-final/assets/Education-Dy9pwr1C.js                    32.49 kB │ gzip:    10.13 kB │ map:     83.77 kB
dist-atlas-finance-final/assets/Water-CHsd63zq.js                        34.49 kB │ gzip:    10.48 kB │ map:     84.40 kB
dist-atlas-finance-final/assets/redflags-DZQGGwPn.js                     35.20 kB │ gzip:     9.77 kB │ map:      0.10 kB
dist-atlas-finance-final/assets/Resources-B9eQApLA.js                    36.53 kB │ gzip:    11.56 kB │ map:     79.85 kB
dist-atlas-finance-final/assets/GraphExplorer-ACdosckL.js                36.87 kB │ gzip:    11.97 kB │ map:    109.43 kB
dist-atlas-finance-final/assets/footprint-CHzXtDsd.js                    36.89 kB │ gzip:    11.94 kB │ map:      4.30 kB
dist-atlas-finance-final/assets/procurement-BQThGfe0.js                  37.64 kB │ gzip:     9.74 kB │ map:     12.22 kB
dist-atlas-finance-final/assets/GeoNetwork-xPHmKEgc.js                   38.29 kB │ gzip:    13.49 kB │ map:    134.14 kB
dist-atlas-finance-final/assets/ForceGraph-YYjEC2Rk.js                   39.01 kB │ gzip:    15.77 kB │ map:    161.43 kB
dist-atlas-finance-final/assets/quality-CD4B7b1N.js                      40.03 kB │ gzip:    10.47 kB │ map:      0.10 kB
dist-atlas-finance-final/assets/sample-verification-CAAkOkc7.js          40.09 kB │ gzip:     9.04 kB │ map:      0.12 kB
dist-atlas-finance-final/assets/PublicWorks-g0AV-Hn4.js                  57.30 kB │ gzip:    17.78 kB │ map:    138.20 kB
dist-atlas-finance-final/assets/MediaView-Cm5tY6y7.js                    85.82 kB │ gzip:    25.25 kB │ map:     36.55 kB
dist-atlas-finance-final/assets/NationalBody-C0dVJRhu.js                 87.29 kB │ gzip:    25.96 kB │ map:    226.72 kB
dist-atlas-finance-final/assets/Energy-DZlg9UxL.js                      135.43 kB │ gzip:    43.18 kB │ map:    405.69 kB
dist-atlas-finance-final/assets/Provenance-B140q6BR.js                  159.02 kB │ gzip:    15.02 kB │ map:     28.71 kB
dist-atlas-finance-final/assets/Welfare-CHRxGE3q.js                     165.57 kB │ gzip:    51.59 kB │ map:    476.86 kB
dist-atlas-finance-final/assets/geo-BrPAzp8s.js                         180.22 kB │ gzip:    68.79 kB │ map:      4.93 kB
dist-atlas-finance-final/assets/tenders-cpXL9lF8.js                     199.23 kB │ gzip:    37.37 kB │ map:     12.00 kB
dist-atlas-finance-final/assets/Finance-BwZDdOQn.js                     232.46 kB │ gzip:    69.65 kB │ map:    619.17 kB
dist-atlas-finance-final/assets/security-DUjY9gfm.js                    246.21 kB │ gzip:    49.28 kB │ map:      0.10 kB
dist-atlas-finance-final/assets/rates-BNgtTJkg.js                       257.90 kB │ gzip:    47.59 kB │ map:      0.10 kB
dist-atlas-finance-final/assets/groupDeep-C42JCqzz.js                   427.66 kB │ gzip:    83.11 kB │ map:      6.75 kB
dist-atlas-finance-final/assets/FollowTheMoney-D6PFrQ2i.js              518.01 kB │ gzip:    88.96 kB │ map:     90.60 kB
dist-atlas-finance-final/assets/cpppConcentration-Czwb74-4.js           697.19 kB │ gzip:   147.80 kB │ map:      3.01 kB
dist-atlas-finance-final/assets/three.module-BdMZo7zQ.js                747.00 kB │ gzip:   191.86 kB │ map:  3,157.21 kB
dist-atlas-finance-final/assets/maplibre-gl-CjUl1eBH.js               1,084.94 kB │ gzip:   294.30 kB │ map:  2,306.52 kB
dist-atlas-finance-final/assets/resources-QJNMU8J4.js                 1,303.53 kB │ gzip:   155.42 kB │ map:     42.78 kB
dist-atlas-finance-final/assets/index-DgUs5qS5.js                    12,455.80 kB │ gzip: 2,805.31 kB │ map: 16,839.44 kB

(!) Some chunks are larger than 500 kB after minification. Consider:
- Using dynamic import() to code-split the application
- Use build.rollupOptions.output.manualChunks to improve chunking: https://rollupjs.org/configuration-options/#output-manualchunks
- Adjust chunk size limit for this warning via build.chunkSizeWarningLimit.
✓ built in 40.04s
