  · / [map]  (7936 chars)
  · /investigate [map]  (7942 chars)
  · /justice [map]  (7454 chars)
  · /debt [map]  (5776 chars)
  · /map [map]  (8188 chars)
  · /states/mh [map]  (8213 chars)
  · /states/jh [map]  (8138 chars)
  · /network [map]  (7610 chars)
  · /cabinet [map]  (8392 chars)
  · /conglomerates [map]  (8188 chars)
  · /atlas [map]  (7612 chars)
  · /patterns [map]  (7614 chars)
  · /evidence [map]  (7606 chars)
  · /base-rates [map]  (7598 chars)
  · /method [map]  (7612 chars)
  · /industries [map]  (8176 chars)
  · /political [map]  (8384 chars)
  · /media [map]  (5315 chars)
  · /search [map]  (7590 chars)
  · /watchlist [map]  (7596 chars)
  · /motifs [map]  (7602 chars)
  · /prospector [map]  (7598 chars)
  · /desk [map]  (7614 chars)
  · /capture [map]  (7610 chars)
  · /allocation [map]  (8086 chars)
  · /pmcares [map]  (4700 chars)
  · /competition [map]  (7976 chars)
  · /allocation?min=3 [map]  (8086 chars)
  · /interlocks [map]  (8127 chars)
  · /conglomerates/reliance [map]  (8332 chars)
  · /conglomerates/adani [map]  (8272 chars)
  · /conglomerates/tata [map]  (8270 chars)
  · /provenance [map]  (7612 chars)
  · /tenders [map]  (7932 chars)
  · /resources [map]  (8179 chars)
  · /resources?register=spectrum [map]  (8179 chars)
  · /resources?register=minerals&view=blocks [map]  (8179 chars)
  · /resources?register=hydrocarbons&view=blocks [map]  (8179 chars)
  · /resources?register=coal&view=winners [map]  (8179 chars)
  · /tenders?view=map&scope=states [map]  (7932 chars)
  · /tenders?view=graph&scope=centre [map]  (7932 chars)
  · /geograph [map]  (7614 chars)
  · /geograph?mode=state-flows&layer=all [map]  (7614 chars)
  · /energy [map]  (8133 chars)
  · /welfare [map]  (7710 chars)
  · /finance [map]  (7814 chars)
  · /education [map]  (7934 chars)
  · /public-works [map]  (8099 chars)
  · /public-works?sector=electricity [map]  (8099 chars)
  · /public-works?sector=water [map]  (8099 chars)
  · /public-works?sector=hospitals [map]  (8099 chars)
  · /public-works?sector=schools [map]  (8099 chars)
  · /public-works?sector=police [map]  (8099 chars)
  · /public-works?sector=military [map]  (8099 chars)
  · /public-works?sector=recruitment [map]  (8099 chars)
  · /public-works?sector=administration [map]  (8099 chars)
  · /public-works?sector=all [map]  (8099 chars)
  · /public-works?sector=water&state=KA [map]  (8099 chars)
  · /water [map]  (5805 chars)
  · /water?state=KA&domain=drinking-water&window=all [map]  (5805 chars)
  · /water?stage=harvest&window=all [map]  (5805 chars)
  · /finance?lens=capital [map]  (7814 chars)
  · /security [map]  (7558 chars)
  · /security?lens=footprint [map]  (7558 chars)
  · /security?lens=procurement [map]  (7558 chars)
  · /health [map]  (6152 chars)
  · /ngo [map]  (6351 chars)
  · /disaster-relief [map]  (5654 chars)
  · /transport [map]  (5893 chars)
  · /public-funds [map]  (7758 chars)
  · /policy [map]  (12696 chars)
  · /public-records [map]  (5237 chars)
  · /international-finance [map]  (6372 chars)
  · /defence-trade [map]  (6258 chars)
  · /tenders?section=national [map]  (7932 chars)
  · /company/wipro [map]  (8260 chars)
  · /map?idx=sensex50 [map]  (8188 chars)
  · /map?metric=psu&exchange=NSE&sector=Financials&scale=log&marks=hidden&idx=nifty50 [map]  (8188 chars)
  · /industries?sector=Financials [map]  (8176 chars)
  · / [dossier]  (5184 chars)
  · /investigate [dossier]  (5184 chars)
  · /justice [dossier]  (54738 chars)
  · /debt [dossier]  (38965 chars)
  · /map [dossier]  (8565 chars)
  · /states/mh [dossier]  (10554 chars)
  · /states/jh [dossier]  (3365 chars)
  · /network [dossier]  (5397 chars)
  · /cabinet [dossier]  (15972 chars)
  · /conglomerates [dossier]  (35613 chars)
  · /atlas [dossier]  (14448 chars)
  · /patterns [dossier]  (16376 chars)
  · /evidence [dossier]  (13938 chars)
  · /base-rates [dossier]  (9541 chars)
  · /method [dossier]  (6340 chars)
  · /industries [dossier]  (7212 chars)
  · /political [dossier]  (14225 chars)
  · /media [dossier]  (43587 chars)
  · /search [dossier]  (329 chars)
  · /watchlist [dossier]  (2984 chars)
  · /motifs [dossier]  (7240 chars)
  · /prospector [dossier]  (6579 chars)
  · /desk [dossier]  (12832 chars)
  · /capture [dossier]  (18116 chars)
  · /allocation [dossier]  (7938 chars)
  · /pmcares [dossier]  (53342 chars)
  · /competition [dossier]  (12573 chars)
  · /allocation?min=3 [dossier]  (7937 chars)
  · /interlocks [dossier]  (6749 chars)
  · /conglomerates/reliance [dossier]  (45132 chars)
  · /conglomerates/adani [dossier]  (93471 chars)
  · /conglomerates/tata [dossier]  (855 chars)
  · /provenance [dossier]  (44844 chars)
  · /tenders [dossier]  (67268 chars)
  · /resources [dossier]  (131068 chars)
  · /resources?register=spectrum [dossier]  (61799 chars)
  · /resources?register=minerals&view=blocks [dossier]  (56283 chars)
  · /resources?register=hydrocarbons&view=blocks [dossier]  (37061 chars)
  · /resources?register=coal&view=winners [dossier]  (39246 chars)
  · /tenders?view=map&scope=states [dossier]  (15415 chars)
  · /tenders?view=graph&scope=centre [dossier]  (18068 chars)
  · /geograph [dossier]  (8239 chars)
  · /geograph?mode=state-flows&layer=all [dossier]  (12673 chars)
  · /energy [dossier]  (606568 chars)
  · /welfare [dossier]  (843777 chars)
  · /finance [dossier]  (529771 chars)
  · /education [dossier]  (30771 chars)
  · /public-works [dossier]  (49641 chars)
  · /public-works?sector=electricity [dossier]  (44805 chars)
  · /public-works?sector=water [dossier]  (41443 chars)
  · /public-works?sector=hospitals [dossier]  (37132 chars)
  · /public-works?sector=schools [dossier]  (45311 chars)
  · /public-works?sector=police [dossier]  (38798 chars)
  · /public-works?sector=military [dossier]  (43890 chars)
  · /public-works?sector=recruitment [dossier]  (34382 chars)
  · /public-works?sector=administration [dossier]  (50660 chars)
  · /public-works?sector=all [dossier]  (94323 chars)
  · /public-works?sector=water&state=KA [dossier]  (37242 chars)
  · /water [dossier]  (39281 chars)
  · /water?state=KA&domain=drinking-water&window=all [dossier]  (33859 chars)
  · /water?stage=harvest&window=all [dossier]  (29295 chars)
  · /finance?lens=capital [dossier]  (460380 chars)
  · /security [dossier]  (1431 chars)
  · /security?lens=footprint [dossier]  (1431 chars)
  · /security?lens=procurement [dossier]  (1431 chars)
  · /health [dossier]  (17013 chars)
  · /ngo [dossier]  (41015 chars)
  · /disaster-relief [dossier]  (40978 chars)
  · /transport [dossier]  (13580 chars)
  · /public-funds [dossier]  (27693 chars)
  · /policy [dossier]  (24583 chars)
  · /public-records [dossier]  (13051 chars)
  · /international-finance [dossier]  (33498 chars)
  · /defence-trade [dossier]  (33590 chars)
  · /tenders?section=national [dossier]  (137543 chars)
  · /company/wipro [dossier]  (4477 chars)
  · /map?idx=sensex50 [dossier]  (5752 chars)
  · /map?metric=psu&exchange=NSE&sector=Financials&scale=log&marks=hidden&idx=nifty50 [dossier]  (4623 chars)
  · /industries?sector=Financials [dossier]  (7212 chars)

smoke: OK

