
> india-corporate-intelligence@0.1.0 test:deep-investigation:browser
> node scripts/deep-investigation/browser.mjs

PASS Fresh research case is open immediately on the dedicated route
PASS New route is a dedicated atlas without the generic workspace hiding it
PASS Map interaction preserves existing route and workspace parameters
PASS Browser Back restores carried geographic scope
PASS Evidence discovery respects selected geography and makes national context explicit
PASS Typed edge inspection retains relationship kind and direction
PASS Source link opens the exact retained cited URL
PASS Source inspection retains exact source locator
PASS Source back returns to the selected typed relationship
PASS Case export retains the selected case and exact typed edges
PASS Evidence export closes entity, edge, record and independent geographic sources
PASS Case export retains every linked response outside display filters
PASS Shared casebook preserves analyst notes across reload
PASS Search has a source-honest zero state and URL state
PASS Back restores both submitted query and search draft
PASS Exact ISIN search exposes unmatched listing without inventing connections
PASS Unmatched security does not offer a falsely joined graph
PASS Verified ISIN match selects the exact canonical entity
PASS Outside-case relationship inspection changes the graph to the exact artifact and its endpoints
PASS CSV scope is explicitly distinguished from full evidence packets
PASS Outside-case record deep link restores its graph without rewriting the selected case URL
PASS Explicit artifact takes graph precedence over an old node parameter while preserving the shared URL
PASS Unavailable shared case is explicit and recoverable
PASS 768px atlas has no horizontal page overflow
PASS 768px map has a keyboard-accessible equivalent selector
PASS 768px map geometry supports keyboard state selection
PASS 768px exact edge inspector remains readable without overflow
PASS 390px atlas has no horizontal page overflow
PASS 390px map has a keyboard-accessible equivalent selector
PASS 390px map geometry supports keyboard state selection
PASS 390px exact edge inspector remains readable without overflow
PASS 320px atlas has no horizontal page overflow
PASS 320px map has a keyboard-accessible equivalent selector
PASS 320px map geometry supports keyboard state selection
PASS 320px exact edge inspector remains readable without overflow
PASS Reduced-motion transitions obey the global 0.01 ms safeguard
PASS No browser runtime exceptions:
{"passed":true,"checks":37,"artifacts":"/tmp/follow-the-money-review"}
