  · / [map]  (6060 chars)
  · /investigate [map]  (6072 chars)
  · /justice [map]  (5393 chars)
  · /debt [map]  (5475 chars)
  · /map [map]  (5776 chars)
  · /states/mh [map]  (5736 chars)
  · /states/jh [map]  (5216 chars)
  · /network [map]  (6058 chars)
  · /cabinet [map]  (5278 chars)
  · /conglomerates [map]  (5776 chars)
  · /atlas [map]  (6060 chars)
  · /patterns [map]  (6062 chars)
  · /evidence [map]  (6054 chars)
  · /base-rates [map]  (6046 chars)
  · /method [map]  (6060 chars)
  · /industries [map]  (5764 chars)
  · /political [map]  (5270 chars)
  · /media [map]  (5784 chars)
  · /search [map]  (6038 chars)
  · /watchlist [map]  (6044 chars)
  · /motifs [map]  (6050 chars)
  · /prospector [map]  (6046 chars)
  · /desk [map]  (6062 chars)
  · /capture [map]  (6058 chars)
  · /allocation [map]  (5750 chars)
  · /pmcares [map]  (4598 chars)
  · /competition [map]  (6027 chars)
  · /allocation?min=3 [map]  (5750 chars)
  · /interlocks [map]  (5668 chars)
  · /conglomerates/reliance [map]  (5920 chars)
  · /conglomerates/adani [map]  (5860 chars)
  · /conglomerates/tata [map]  (5858 chars)
  · /provenance [map]  (6060 chars)
  · /tenders [map]  (6573 chars)
  · /resources [map]  (5769 chars)
  · /resources?register=spectrum [map]  (5769 chars)
  · /resources?register=minerals&view=blocks [map]  (5769 chars)
  · /resources?register=hydrocarbons&view=blocks [map]  (5769 chars)
  · /resources?register=coal&view=winners [map]  (5769 chars)
  · /tenders?view=map&scope=states [map]  (6573 chars)
  · /tenders?view=graph&scope=centre [map]  (6573 chars)
  · /geograph [map]  (6062 chars)
  · /geograph?mode=state-flows&layer=all [map]  (6062 chars)
  · /energy [map]  (5693 chars)
  · /welfare [map]  (5780 chars)
  · /finance [map]  (6011 chars)
  · /education [map]  (5333 chars)
  · /public-works [map]  (6126 chars)
  · /public-works?sector=electricity [map]  (6126 chars)
  · /public-works?sector=water [map]  (6126 chars)
  · /public-works?sector=hospitals [map]  (6126 chars)
  · /public-works?sector=schools [map]  (6126 chars)
  · /public-works?sector=police [map]  (6126 chars)
  · /public-works?sector=military [map]  (6126 chars)
  · /public-works?sector=recruitment [map]  (6126 chars)
  · /public-works?sector=administration [map]  (6126 chars)
  · /public-works?sector=all [map]  (6126 chars)
  · /public-works?sector=water&state=KA [map]  (6126 chars)
  · /water [map]  (5225 chars)
  · /water?state=KA&domain=drinking-water&window=all [map]  (5225 chars)
  · /water?stage=harvest&window=all [map]  (5225 chars)
  · /finance?lens=capital [map]  (6011 chars)
  · /security [map]  (6573 chars)
  · /security?lens=footprint [map]  (6573 chars)
  · /security?lens=procurement [map]  (6573 chars)
  · /tenders?section=national [map]  (6573 chars)
  · /company/wipro [map]  (5848 chars)
  · /map?idx=sensex50 [map]  (5776 chars)
  · /map?metric=psu&exchange=NSE&sector=Financials&scale=log&marks=hidden&idx=nifty50 [map]  (5776 chars)
  · /industries?sector=Financials [map]  (5764 chars)
  · / [dossier]  (5184 chars)
  · /investigate [dossier]  (5184 chars)
  · /justice [dossier]  (54811 chars)
  · /debt [dossier]  (25205 chars)
  · /map [dossier]  (8565 chars)
  · /states/mh [dossier]  (10554 chars)
  · /states/jh [dossier]  (3365 chars)
  · /network [dossier]  (5397 chars)
  · /cabinet [dossier]  (15972 chars)
  · /conglomerates [dossier]  (35614 chars)
  · /atlas [dossier]  (14448 chars)
  · /patterns [dossier]  (16376 chars)
  · /evidence [dossier]  (13938 chars)
  · /base-rates [dossier]  (9541 chars)
  · /method [dossier]  (6340 chars)
  · /industries [dossier]  (7212 chars)
  · /political [dossier]  (14225 chars)
  · /media [dossier]  (43587 chars)
  · /search [dossier]  (329 chars)
  · /watchlist [dossier]  (2984 chars)
  · /motifs [dossier]  (7240 chars)
  · /prospector [dossier]  (6579 chars)
  · /desk [dossier]  (12832 chars)
  · /capture [dossier]  (18116 chars)
  · /allocation [dossier]  (7938 chars)
  · /pmcares [dossier]  (53342 chars)
  · /competition [dossier]  (12573 chars)
  · /allocation?min=3 [dossier]  (7937 chars)
  · /interlocks [dossier]  (6749 chars)
  · /conglomerates/reliance [dossier]  (45132 chars)
  · /conglomerates/adani [dossier]  (93471 chars)
  · /conglomerates/tata [dossier]  (855 chars)
  · /provenance [dossier]  (44844 chars)
  · /tenders [dossier]  (67268 chars)
  · /resources [dossier]  (131068 chars)
  · /resources?register=spectrum [dossier]  (61799 chars)
  · /resources?register=minerals&view=blocks [dossier]  (56283 chars)
  · /resources?register=hydrocarbons&view=blocks [dossier]  (37061 chars)
  · /resources?register=coal&view=winners [dossier]  (39246 chars)
  · /tenders?view=map&scope=states [dossier]  (15415 chars)
  · /tenders?view=graph&scope=centre [dossier]  (18068 chars)
  · /geograph [dossier]  (8239 chars)
  · /geograph?mode=state-flows&layer=all [dossier]  (12673 chars)
  · /energy [dossier]  (606568 chars)
  · /welfare [dossier]  (843777 chars)
  · /finance [dossier]  (529771 chars)
  · /education [dossier]  (30771 chars)
  · /public-works [dossier]  (49641 chars)
  · /public-works?sector=electricity [dossier]  (44805 chars)
  · /public-works?sector=water [dossier]  (41443 chars)
  · /public-works?sector=hospitals [dossier]  (37132 chars)
  · /public-works?sector=schools [dossier]  (45311 chars)
  · /public-works?sector=police [dossier]  (38798 chars)
  · /public-works?sector=military [dossier]  (43890 chars)
  · /public-works?sector=recruitment [dossier]  (34382 chars)
  · /public-works?sector=administration [dossier]  (50660 chars)
  · /public-works?sector=all [dossier]  (94323 chars)
  · /public-works?sector=water&state=KA [dossier]  (37242 chars)
  · /water [dossier]  (39281 chars)
  · /water?state=KA&domain=drinking-water&window=all [dossier]  (33859 chars)
  · /water?stage=harvest&window=all [dossier]  (29295 chars)
  · /finance?lens=capital [dossier]  (460380 chars)
  · /security [dossier]  (1431 chars)
  · /security?lens=footprint [dossier]  (1431 chars)
  · /security?lens=procurement [dossier]  (1431 chars)
  · /tenders?section=national [dossier]  (137543 chars)
  · /company/wipro [dossier]  (4477 chars)
  · /map?idx=sensex50 [dossier]  (5752 chars)
  · /map?metric=psu&exchange=NSE&sector=Financials&scale=log&marks=hidden&idx=nifty50 [dossier]  (4623 chars)
  · /industries?sector=Financials [dossier]  (7212 chars)

smoke: OK
