
> india-corporate-intelligence@0.1.0 test:investigation:browser
> node scripts/investigation/browser.mjs && node scripts/investigation/graph-browser.mjs && node scripts/investigation/workspace-browser.mjs

PASS Every registered route opens its declared 36-state geographic surface
PASS Route lenses and geographic controls preserve context through history
PASS State routes preserve an explicit All India choice and reject ambiguous old boundaries
PASS Search drafts reset when history reverses a just-submitted query
PASS Evidence inspector retains original source, response and separate money stages
PASS Casebook pins, notes, saved views, JSON/Markdown and safe additive import
PASS Pinned relationship export retains explicitly linked counter-evidence
PASS Capacity-limited imports reject the complete merge without losing local work
PASS Invalid and empty URLs are explicit, reversible and preserve valid geography
PASS Every dossier remains accessible with geographic context
PASS Responsive map, evidence, casebook and dossier have no body overflow
PASS No uncaught browser exceptions
675 assertions; 12/12 scenarios passed. Report: /tmp/deep-shared-browser-followup/results.json
{
  "passed": true,
  "checks": 15,
  "screenshots": "/workspace/india-corporate-intelligence/docs/investigation/screenshots",
  "errors": []
}
{"passed":true,"checks":54}
